\BOOKMARK [0][-]{chapter.0.1}{\376\377\000R\000e\000q\000u\000i\000s\000i\000t\000i\000\040\000e\000\040\000i\000n\000s\000t\000a\000l\000l\000a\000z\000i\000o\000n\000e}{}% 1
\BOOKMARK [0][-]{chapter.0.2}{\376\377\000T\000i\000p\000i\000\040\000d\000i\000\040\000u\000t\000e\000n\000t\000e}{}% 2
\BOOKMARK [1][-]{section.0.2.1}{\376\377\000U\000t\000e\000n\000t\000e\000\040\000d\000i\000\040\000t\000i\000p\000o\000\040\000g\000u\000e\000s\000t}{chapter.0.2}% 3
\BOOKMARK [1][-]{section.0.2.2}{\376\377\000U\000t\000e\000n\000t\000e\000\040\000d\000i\000\040\000t\000i\000p\000o\000\040\000c\000l\000i\000e\000n\000t\000e}{chapter.0.2}% 4
\BOOKMARK [1][-]{section.0.2.3}{\376\377\000U\000t\000e\000n\000t\000e\000\040\000d\000i\000\040\000t\000i\000p\000o\000\040\000p\000r\000o\000i\000e\000z\000i\000o\000n\000i\000s\000t\000a}{chapter.0.2}% 5
\BOOKMARK [1][-]{section.0.2.4}{\376\377\000U\000t\000e\000n\000t\000e\000\040\000d\000i\000\040\000t\000i\000p\000o\000\040\000b\000i\000g\000l\000i\000e\000t\000t\000a\000i\000o}{chapter.0.2}% 6
\BOOKMARK [0][-]{chapter.0.3}{\376\377\000M\000e\000n\000\371\000\040\000p\000r\000i\000n\000c\000i\000p\000a\000l\000e}{}% 7
\BOOKMARK [0][-]{chapter.0.4}{\376\377\000R\000e\000g\000i\000s\000t\000r\000a\000z\000i\000o\000n\000e}{}% 8
\BOOKMARK [0][-]{chapter.0.5}{\376\377\000L\000o\000g\000i\000n}{}% 9
\BOOKMARK [1][-]{section.0.5.1}{\376\377\000G\000u\000e\000s\000t}{chapter.0.5}% 10
\BOOKMARK [2][-]{subsection.0.5.1.1}{\376\377\000R\000i\000c\000e\000r\000c\000a\000\040\000d\000i\000\040\000u\000n\000a\000\040\000p\000r\000o\000i\000e\000z\000i\000o\000n\000e}{section.0.5.1}% 11
\BOOKMARK [2][-]{subsection.0.5.1.2}{\376\377\000R\000e\000g\000i\000s\000t\000r\000a\000z\000i\000o\000n\000e}{section.0.5.1}% 12
\BOOKMARK [2][-]{subsection.0.5.1.3}{\376\377\000L\000o\000g\000o\000u\000t}{section.0.5.1}% 13
\BOOKMARK [1][-]{section.0.5.2}{\376\377\000C\000l\000i\000e\000n\000t\000e}{chapter.0.5}% 14
\BOOKMARK [2][-]{subsection.0.5.2.1}{\376\377\000C\000e\000r\000c\000a\000r\000e\000\040\000u\000n\000a\000\040\000p\000r\000o\000i\000e\000z\000i\000o\000n\000e\000\040\000e\000d\000\040\000e\000f\000f\000e\000t\000t\000u\000a\000r\000e\000\040\000u\000n\000a\000\040\000p\000r\000e\000n\000o\000t\000a\000z\000i\000o\000n\000e}{section.0.5.2}% 15
\BOOKMARK [2][-]{subsection.0.5.2.2}{\376\377\000I\000n\000t\000e\000r\000a\000g\000i\000r\000e\000\040\000c\000o\000n\000\040\000l\000e\000\040\000p\000r\000e\000n\000o\000t\000a\000z\000i\000o\000n\000i\000\040\000e\000f\000f\000e\000t\000t\000u\000a\000t\000e}{section.0.5.2}% 16
\BOOKMARK [2][-]{subsection.0.5.2.3}{\376\377\000L\000o\000g\000o\000u\000t}{section.0.5.2}% 17
\BOOKMARK [1][-]{section.0.5.3}{\376\377\000P\000r\000o\000i\000e\000z\000i\000o\000n\000i\000s\000t\000a}{chapter.0.5}% 18
\BOOKMARK [2][-]{subsection.0.5.3.1}{\376\377\000I\000n\000s\000e\000r\000i\000r\000e\000\040\000u\000n\000a\000\040\000p\000r\000o\000i\000e\000z\000i\000o\000n\000e\000\040\000n\000e\000l\000\040\000p\000a\000l\000i\000n\000s\000e\000s\000t\000o}{section.0.5.3}% 19
\BOOKMARK [2][-]{subsection.0.5.3.2}{\376\377\000C\000a\000n\000c\000e\000l\000l\000a\000r\000e\000\040\000u\000n\000a\000\040\000p\000r\000o\000i\000e\000z\000i\000o\000n\000e\000\040\000d\000a\000l\000\040\000p\000a\000l\000i\000n\000s\000e\000s\000t\000o}{section.0.5.3}% 20
\BOOKMARK [2][-]{subsection.0.5.3.3}{\376\377\000M\000o\000d\000i\000f\000i\000c\000a\000r\000e\000\040\000d\000a\000t\000a\000\040\000o\000\040\000o\000r\000a\000r\000i\000o\000\040\000d\000i\000\040\000u\000n\000a\000\040\000p\000r\000e\000n\000o\000t\000a\000z\000i\000o\000n\000e}{section.0.5.3}% 21
\BOOKMARK [2][-]{subsection.0.5.3.4}{\376\377\000L\000o\000g\000o\000u\000t}{section.0.5.3}% 22
\BOOKMARK [1][-]{section.0.5.4}{\376\377\000B\000i\000g\000l\000i\000e\000t\000t\000a\000i\000o}{chapter.0.5}% 23
\BOOKMARK [2][-]{subsection.0.5.4.1}{\376\377\000V\000i\000s\000u\000a\000l\000i\000z\000z\000a\000r\000e\000\040\000l\000e\000\040\000p\000r\000e\000n\000o\000t\000a\000z\000i\000o\000n\000i\000\040\000i\000n\000\040\000d\000a\000t\000a\000\040\000o\000d\000i\000e\000r\000n\000a}{section.0.5.4}% 24
\BOOKMARK [2][-]{subsection.0.5.4.2}{\376\377\000E\000f\000f\000e\000t\000t\000u\000a\000r\000e\000\040\000l\000a\000\040\000r\000i\000c\000e\000r\000c\000a\000\040\000d\000i\000\040\000u\000n\000a\000\040\000p\000r\000e\000n\000o\000t\000a\000z\000i\000o\000n\000e}{section.0.5.4}% 25
\BOOKMARK [2][-]{subsection.0.5.4.3}{\376\377\000L\000o\000g\000o\000u\000t}{section.0.5.4}% 26
