2026-05-08 07:39:12.402: [INFO] OnDoneLoading sync enabled: 0
2026-05-08 07:58:59.971: [INFO] OnDoneLoading sync enabled: 0
2026-05-08 08:02:24.816: [INFO] OnDoneLoading sync enabled: 0
2026-05-08 08:13:27.841: [INFO] OnDoneLoading sync enabled: 0
2026-05-08 16:04:57.943: [INFO] OnDoneLoading sync enabled: 0
2026-05-08 16:27:32.751: [INFO] OnDoneLoading sync enabled: 0
2026-05-08 18:21:04.063: [INFO] OnDoneLoading sync enabled: 0
2026-05-13 18:50:41.470: [INFO] OnDoneLoading sync enabled: 0
2026-05-18 12:40:41.362: [INFO] OnDoneLoading sync enabled: 0
2026-05-18 12:42:54.706: [INFO] OnDoneLoading sync enabled: 0
2026-05-18 12:58:39.385: [INFO] OnDoneLoading sync enabled: 0
2026-05-18 13:07:56.215: [INFO] OnDoneLoading sync enabled: 0
2026-05-18 13:11:21.242: [INFO] OnDoneLoading sync enabled: 0
2026-05-18 13:43:14.572: [INFO] OnDoneLoading sync enabled: 0
2026-05-18 13:45:17.303: [INFO] OnDoneLoading sync enabled: 0
2026-05-18 13:54:40.837: [INFO] OnDoneLoading sync enabled: 0
2026-05-18 13:59:23.853: [INFO] OnDoneLoading sync enabled: 0
2026-05-18 14:06:15.754: [INFO] OnDoneLoading sync enabled: 0
2026-05-18 14:11:08.203: [INFO] OnDoneLoading sync enabled: 0
2026-05-18 14:14:31.010: [INFO] OnDoneLoading sync enabled: 0
2026-05-18 14:14:43.296: [INFO] OnDoneLoading sync enabled: 0
2026-05-18 14:17:45.488: [INFO] OnDoneLoading sync enabled: 0
2026-05-18 14:19:18.696: [INFO] OnDoneLoading sync enabled: 0
2026-05-18 14:19:56.308: [INFO] OnDoneLoading sync enabled: 0
2026-05-18 14:20:13.227: [INFO] OnDoneLoading sync enabled: 0
2026-05-18 14:20:40.083: [INFO] OnDoneLoading sync enabled: 0
2026-05-18 14:21:56.117: [INFO] OnDoneLoading sync enabled: 0
2026-05-18 14:25:30.495: [INFO] OnDoneLoading sync enabled: 0
2026-05-18 14:25:58.657: [INFO] OnDoneLoading sync enabled: 0
2026-05-19 08:10:27.824: [INFO] OnDoneLoading sync enabled: 0
2026-05-19 09:48:58.580: [INFO] OnDoneLoading sync enabled: 0
2026-05-19 10:37:55.418: [INFO] OnDoneLoading sync enabled: 0
2026-05-19 13:19:51.263: [INFO] OnDoneLoading sync enabled: 0
2026-05-19 13:21:43.393: [INFO] OnDoneLoading sync enabled: 0
2026-05-19 13:23:14.424: [INFO] OnDoneLoading sync enabled: 0
2026-05-19 13:24:42.570: [INFO] OnDoneLoading sync enabled: 0
2026-05-19 13:24:58.097: [INFO] OnDoneLoading sync enabled: 0
2026-05-19 13:27:13.173: [INFO] OnDoneLoading sync enabled: 0
2026-05-19 13:30:26.902: [INFO] OnDoneLoading sync enabled: 0
2026-05-19 13:31:12.693: [INFO] OnDoneLoading sync enabled: 0
2026-05-19 13:32:54.193: [INFO] OnDoneLoading sync enabled: 0
2026-05-19 13:32:59.327: [INFO] OnDoneLoading sync enabled: 0
2026-05-19 13:35:30.146: [INFO] OnDoneLoading sync enabled: 0
2026-05-19 18:43:54.032: [INFO] OnDoneLoading sync enabled: 0
2026-05-19 18:43:55.377: [INFO] OnDoneLoading sync enabled: 0
2026-05-20 07:57:52.501: [INFO] OnDoneLoading sync enabled: 0
2026-05-20 08:01:15.750: [INFO] OnDoneLoading sync enabled: 0
2026-05-20 08:11:39.579: [INFO] OnDoneLoading sync enabled: 0
2026-05-20 08:12:43.316: [INFO] OnDoneLoading sync enabled: 0
2026-05-20 08:15:57.191: [INFO] OnDoneLoading sync enabled: 0
2026-05-20 08:16:26.729: [INFO] OnDoneLoading sync enabled: 0
2026-05-20 08:16:53.072: [INFO] OnDoneLoading sync enabled: 0
2026-05-20 08:22:27.096: [INFO] OnDoneLoading sync enabled: 0
2026-05-20 08:26:20.392: [INFO] OnDoneLoading sync enabled: 0
2026-05-20 08:27:03.179: [INFO] OnDoneLoading sync enabled: 0
2026-05-20 08:30:37.161: [INFO] OnDoneLoading sync enabled: 0
2026-05-20 08:30:46.411: [INFO] OnDoneLoading sync enabled: 0
2026-05-20 08:31:18.668: [INFO] OnDoneLoading sync enabled: 0
2026-05-20 08:32:05.840: [INFO] OnDoneLoading sync enabled: 0
2026-05-20 08:33:11.426: [INFO] OnDoneLoading sync enabled: 0
2026-05-20 08:37:12.603: [INFO] OnDoneLoading sync enabled: 0
2026-05-20 09:15:36.015: [INFO] OnDoneLoading sync enabled: 0
2026-05-20 09:16:45.037: [INFO] OnDoneLoading sync enabled: 0
2026-05-20 09:34:57.465: [INFO] OnDoneLoading sync enabled: 0
2026-05-20 09:35:53.133: [INFO] OnDoneLoading sync enabled: 0
2026-05-20 09:36:28.551: [INFO] OnDoneLoading sync enabled: 0
2026-05-20 09:37:50.637: [INFO] OnDoneLoading sync enabled: 0
2026-05-20 09:40:03.704: [INFO] OnDoneLoading sync enabled: 0
2026-05-20 09:41:32.309: [INFO] OnDoneLoading sync enabled: 0
2026-05-20 09:44:14.783: [INFO] OnDoneLoading sync enabled: 0
2026-05-20 09:46:37.020: [INFO] OnDoneLoading sync enabled: 0
2026-05-20 09:49:38.202: [INFO] OnDoneLoading sync enabled: 0
2026-05-20 09:50:43.604: [INFO] OnDoneLoading sync enabled: 0
2026-05-20 09:51:48.994: [INFO] OnDoneLoading sync enabled: 0
2026-05-20 09:53:09.609: [INFO] OnDoneLoading sync enabled: 0
2026-05-20 09:54:19.247: [INFO] OnDoneLoading sync enabled: 0
2026-05-20 09:56:13.245: [INFO] OnDoneLoading sync enabled: 0
2026-05-20 09:59:01.310: [INFO] OnDoneLoading sync enabled: 0
2026-05-20 09:59:38.439: [INFO] OnDoneLoading sync enabled: 0
2026-05-20 10:01:39.066: [INFO] OnDoneLoading sync enabled: 0
2026-05-20 10:07:53.835: [INFO] OnDoneLoading sync enabled: 0
2026-05-22 18:21:30.779: [INFO] OnDoneLoading sync enabled: 0
2026-05-22 18:26:00.315: [INFO] OnDoneLoading sync enabled: 0
2026-05-22 18:29:19.613: [INFO] OnDoneLoading sync enabled: 0
2026-05-22 18:31:31.379: [INFO] OnDoneLoading sync enabled: 0
2026-05-22 18:32:30.607: [INFO] OnDoneLoading sync enabled: 0
2026-05-22 18:32:39.083: [INFO] OnDoneLoading sync enabled: 0
2026-05-22 18:32:48.068: [INFO] OnDoneLoading sync enabled: 0
2026-05-22 18:36:36.426: [INFO] OnDoneLoading sync enabled: 0
2026-05-25 19:31:58.717: [INFO] OnDoneLoading sync enabled: 0
2026-08-11 11:56:35.530: [INFO] CurrentProfilePath: C:\Users\franc\Documents\GitHub\Laboratorio-A-2026_-Francesco-Ferrari-Pasquale-Di-Tuccio-Nithay-Patricia-Gomez-Silva\.metadata\.plugins\org.eclipse.swt\EBWebView\Default
2026-08-11 11:56:35.530: [INFO] Profiles total count: 1
2026-08-11 11:56:35.530: [INFO] Profile: name=Profilo 1 path=C:\Users\franc\Documents\GitHub\Laboratorio-A-2026_-Francesco-Ferrari-Pasquale-Di-Tuccio-Nithay-Patricia-Gomez-Silva\.metadata\.plugins\org.eclipse.swt\EBWebView\Default lastActive=2026-05-08T07:39:13.155Z
2026-08-11 11:56:35.530: [INFO] LastUsedProfileDir: C:\Users\franc\Documents\GitHub\Laboratorio-A-2026_-Francesco-Ferrari-Pasquale-Di-Tuccio-Nithay-Patricia-Gomez-Silva\.metadata\.plugins\org.eclipse.swt\EBWebView\Default
2026-08-11 11:56:35.530: [INFO] MostRecentlyActiveProfile: name=Profilo 1 path=C:\Users\franc\Documents\GitHub\Laboratorio-A-2026_-Francesco-Ferrari-Pasquale-Di-Tuccio-Nithay-Patricia-Gomez-Silva\.metadata\.plugins\org.eclipse.swt\EBWebView\Default lastActive=2026-05-08T07:39:13.155Z
2026-08-11 11:56:35.530: [INFO] OnDoneLoading sync enabled: 0
2026-08-11 11:56:35.530: [INFO] BookmarkModelLoaded, ids_reassigned: 0
2026-08-11 11:56:35.530: [INFO] BookmarksLoadDropped droppedNodes=0
2026-08-11 11:56:35.530: [INFO] BookmarksSnapshot Startup total=0 bar=0 other=0 mobile=0 showBar=0 showBarNTP=1
2026-08-11 11:57:19.515: [INFO] BookmarksSnapshot Shutdown total=0 bar=0 other=0 mobile=0 showBar=0 showBarNTP=1
2026-08-11 12:01:25.251: [INFO] CurrentProfilePath: C:\Users\franc\Documents\GitHub\Laboratorio-A-2026_-Francesco-Ferrari-Pasquale-Di-Tuccio-Nithay-Patricia-Gomez-Silva\.metadata\.plugins\org.eclipse.swt\EBWebView\Default
2026-08-11 12:01:25.251: [INFO] Profiles total count: 1
2026-08-11 12:01:25.251: [INFO] Profile: name=Profilo 1 path=C:\Users\franc\Documents\GitHub\Laboratorio-A-2026_-Francesco-Ferrari-Pasquale-Di-Tuccio-Nithay-Patricia-Gomez-Silva\.metadata\.plugins\org.eclipse.swt\EBWebView\Default lastActive=2026-05-08T07:39:13.155Z
2026-08-11 12:01:25.251: [INFO] LastUsedProfileDir: C:\Users\franc\Documents\GitHub\Laboratorio-A-2026_-Francesco-Ferrari-Pasquale-Di-Tuccio-Nithay-Patricia-Gomez-Silva\.metadata\.plugins\org.eclipse.swt\EBWebView\Default
2026-08-11 12:01:25.251: [INFO] MostRecentlyActiveProfile: name=Profilo 1 path=C:\Users\franc\Documents\GitHub\Laboratorio-A-2026_-Francesco-Ferrari-Pasquale-Di-Tuccio-Nithay-Patricia-Gomez-Silva\.metadata\.plugins\org.eclipse.swt\EBWebView\Default lastActive=2026-05-08T07:39:13.155Z
2026-08-11 12:01:25.251: [INFO] OnDoneLoading sync enabled: 0
2026-08-11 12:01:25.251: [INFO] BookmarkModelLoaded, ids_reassigned: 0
2026-08-11 12:01:25.251: [INFO] BookmarksLoadDropped droppedNodes=0
2026-08-11 12:01:25.251: [INFO] BookmarksSnapshot Startup total=0 bar=0 other=0 mobile=0 showBar=0 showBarNTP=1
