2026-08-10 19:35:25.969: [INFO] CurrentProfilePath: C:\Users\franc\Documents\GitHub\Laboratorio-A-2026_-Francesco-Ferrari-Pasquale-Di-Tuccio-Nithay-Patricia-Gomez-Silva\CineMaX\src\CineMaX\.metadata\.plugins\org.eclipse.swt\EBWebView\Default
2026-08-10 19:35:25.969: [INFO] Profiles total count: 1
2026-08-10 19:35:25.971: [INFO] Profile: name=Profilo 1 path=C:\Users\franc\Documents\GitHub\Laboratorio-A-2026_-Francesco-Ferrari-Pasquale-Di-Tuccio-Nithay-Patricia-Gomez-Silva\CineMaX\src\CineMaX\.metadata\.plugins\org.eclipse.swt\EBWebView\Default lastActive=2026-08-10T19:04:51.244Z
2026-08-10 19:35:25.971: [INFO] LastUsedProfileDir: C:\Users\franc\Documents\GitHub\Laboratorio-A-2026_-Francesco-Ferrari-Pasquale-Di-Tuccio-Nithay-Patricia-Gomez-Silva\CineMaX\src\CineMaX\.metadata\.plugins\org.eclipse.swt\EBWebView\Default
2026-08-10 19:35:25.971: [INFO] MostRecentlyActiveProfile: name=Profilo 1 path=C:\Users\franc\Documents\GitHub\Laboratorio-A-2026_-Francesco-Ferrari-Pasquale-Di-Tuccio-Nithay-Patricia-Gomez-Silva\CineMaX\src\CineMaX\.metadata\.plugins\org.eclipse.swt\EBWebView\Default lastActive=2026-08-10T19:04:51.244Z
2026-08-10 19:35:25.971: [INFO] OnDoneLoading sync enabled: 0
2026-08-10 19:35:25.971: [INFO] BookmarkModelLoaded, ids_reassigned: 0
2026-08-10 19:35:25.971: [INFO] BookmarksLoadDropped droppedNodes=0
2026-08-10 19:35:25.971: [INFO] BookmarksSnapshot Startup total=0 bar=0 other=0 mobile=0 showBar=0 showBarNTP=1
2026-08-10 19:35:54.420: [INFO] BookmarksSnapshot Shutdown total=0 bar=0 other=0 mobile=0 showBar=0 showBarNTP=1
2026-08-10 19:46:19.613: [INFO] CurrentProfilePath: C:\Users\franc\Documents\GitHub\Laboratorio-A-2026_-Francesco-Ferrari-Pasquale-Di-Tuccio-Nithay-Patricia-Gomez-Silva\CineMaX\src\CineMaX\.metadata\.plugins\org.eclipse.swt\EBWebView\Default
2026-08-10 19:46:19.613: [INFO] Profiles total count: 1
2026-08-10 19:46:19.613: [INFO] Profile: name=Profilo 1 path=C:\Users\franc\Documents\GitHub\Laboratorio-A-2026_-Francesco-Ferrari-Pasquale-Di-Tuccio-Nithay-Patricia-Gomez-Silva\CineMaX\src\CineMaX\.metadata\.plugins\org.eclipse.swt\EBWebView\Default lastActive=2026-08-10T19:04:51.244Z
2026-08-10 19:46:19.614: [INFO] LastUsedProfileDir: C:\Users\franc\Documents\GitHub\Laboratorio-A-2026_-Francesco-Ferrari-Pasquale-Di-Tuccio-Nithay-Patricia-Gomez-Silva\CineMaX\src\CineMaX\.metadata\.plugins\org.eclipse.swt\EBWebView\Default
2026-08-10 19:46:19.614: [INFO] MostRecentlyActiveProfile: name=Profilo 1 path=C:\Users\franc\Documents\GitHub\Laboratorio-A-2026_-Francesco-Ferrari-Pasquale-Di-Tuccio-Nithay-Patricia-Gomez-Silva\CineMaX\src\CineMaX\.metadata\.plugins\org.eclipse.swt\EBWebView\Default lastActive=2026-08-10T19:04:51.244Z
2026-08-10 19:46:19.614: [INFO] OnDoneLoading sync enabled: 0
2026-08-10 19:46:19.614: [INFO] BookmarkModelLoaded, ids_reassigned: 0
2026-08-10 19:46:19.614: [INFO] BookmarksLoadDropped droppedNodes=0
2026-08-10 19:46:19.614: [INFO] BookmarksSnapshot Startup total=0 bar=0 other=0 mobile=0 showBar=0 showBarNTP=1
2026-08-10 19:46:19.697: [INFO] BookmarksSnapshot Shutdown total=0 bar=0 other=0 mobile=0 showBar=0 showBarNTP=1
2026-08-10 20:16:43.629: [INFO] CurrentProfilePath: C:\Users\franc\Documents\GitHub\Laboratorio-A-2026_-Francesco-Ferrari-Pasquale-Di-Tuccio-Nithay-Patricia-Gomez-Silva\CineMaX\src\CineMaX\.metadata\.plugins\org.eclipse.swt\EBWebView\Default
2026-08-10 20:16:43.629: [INFO] Profiles total count: 1
2026-08-10 20:16:43.629: [INFO] Profile: name=Profilo 1 path=C:\Users\franc\Documents\GitHub\Laboratorio-A-2026_-Francesco-Ferrari-Pasquale-Di-Tuccio-Nithay-Patricia-Gomez-Silva\CineMaX\src\CineMaX\.metadata\.plugins\org.eclipse.swt\EBWebView\Default lastActive=2026-08-10T19:04:51.244Z
2026-08-10 20:16:43.629: [INFO] LastUsedProfileDir: C:\Users\franc\Documents\GitHub\Laboratorio-A-2026_-Francesco-Ferrari-Pasquale-Di-Tuccio-Nithay-Patricia-Gomez-Silva\CineMaX\src\CineMaX\.metadata\.plugins\org.eclipse.swt\EBWebView\Default
2026-08-10 20:16:43.629: [INFO] MostRecentlyActiveProfile: name=Profilo 1 path=C:\Users\franc\Documents\GitHub\Laboratorio-A-2026_-Francesco-Ferrari-Pasquale-Di-Tuccio-Nithay-Patricia-Gomez-Silva\CineMaX\src\CineMaX\.metadata\.plugins\org.eclipse.swt\EBWebView\Default lastActive=2026-08-10T19:04:51.244Z
2026-08-10 20:16:43.629: [INFO] OnDoneLoading sync enabled: 0
2026-08-10 20:16:43.629: [INFO] BookmarkModelLoaded, ids_reassigned: 0
2026-08-10 20:16:43.629: [INFO] BookmarksLoadDropped droppedNodes=0
2026-08-10 20:16:43.629: [INFO] BookmarksSnapshot Startup total=0 bar=0 other=0 mobile=0 showBar=0 showBarNTP=1
2026-08-28 13:52:15.144: [INFO] CurrentProfilePath: C:\Users\franc\Documents\GitHub\Laboratorio-A-2026_-Francesco-Ferrari-Pasquale-Di-Tuccio-Nithay-Patricia-Gomez-Silva\CineMaX\src\CineMaX\.metadata\.plugins\org.eclipse.swt\EBWebView\Default
2026-08-28 13:52:15.144: [INFO] Profiles total count: 1
2026-08-28 13:52:15.145: [INFO] Profile: name=Profilo 1 path=C:\Users\franc\Documents\GitHub\Laboratorio-A-2026_-Francesco-Ferrari-Pasquale-Di-Tuccio-Nithay-Patricia-Gomez-Silva\CineMaX\src\CineMaX\.metadata\.plugins\org.eclipse.swt\EBWebView\Default lastActive=2026-08-10T19:04:51.244Z
2026-08-28 13:52:15.145: [INFO] LastUsedProfileDir: C:\Users\franc\Documents\GitHub\Laboratorio-A-2026_-Francesco-Ferrari-Pasquale-Di-Tuccio-Nithay-Patricia-Gomez-Silva\CineMaX\src\CineMaX\.metadata\.plugins\org.eclipse.swt\EBWebView\Default
2026-08-28 13:52:15.145: [INFO] MostRecentlyActiveProfile: name=Profilo 1 path=C:\Users\franc\Documents\GitHub\Laboratorio-A-2026_-Francesco-Ferrari-Pasquale-Di-Tuccio-Nithay-Patricia-Gomez-Silva\CineMaX\src\CineMaX\.metadata\.plugins\org.eclipse.swt\EBWebView\Default lastActive=2026-08-10T19:04:51.244Z
2026-08-28 13:52:15.145: [INFO] OnDoneLoading sync enabled: 0
2026-08-28 13:52:15.145: [INFO] BookmarkModelLoaded, ids_reassigned: 0
2026-08-28 13:52:15.145: [INFO] BookmarksLoadDropped droppedNodes=0
2026-08-28 13:52:15.145: [INFO] BookmarksSnapshot Startup total=0 bar=0 other=0 mobile=0 showBar=0 showBarNTP=1
2026-08-28 13:54:03.856: [INFO] BookmarksSnapshot Shutdown total=0 bar=0 other=0 mobile=0 showBar=0 showBarNTP=1
